br\edu\ifsul\lpoo\model\Tipo_Funcionarios.class
br\edu\ifsul\lpoo\view\VerClientesJF$2.class
br\edu\ifsul\lpoo\view\TelaCadAgencia$11.class
br\edu\ifsul\lpoo\view\TelaCadAgencia$3.class
br\edu\ifsul\lpoo\model\Clientes_.class
br\edu\ifsul\lpoo\view\VerFuncionariosJF$3.class
br\edu\ifsul\lpoo\view\TelaCadFuncionario$2.class
br\edu\ifsul\lpoo\view\VerAgencias$3.class
br\edu\ifsul\lpoo\view\TelaCadAgencia.class
br\edu\ifsul\lpoo\view\TelaFuncionariosJF$1.class
br\edu\ifsul\lpoo\view\VerContas.class
br\edu\ifsul\lpoo\model\Pessoas.class
br\edu\ifsul\lpoo\view\TelaCadCliente$3.class
br\edu\ifsul\lpoo\view\TelaInicialJF.class
br\edu\ifsul\lpoo\view\TelaInicialJF$2.class
br\edu\ifsul\lpoo\view\TelaCadFuncionario$5.class
br\edu\ifsul\lpoo\view\TelaCadCliente$4.class
br\edu\ifsul\lpoo\view\TelaCadAgencia$9.class
br\edu\ifsul\lpoo\view\CaixaEletronicoJF$4.class
br\edu\ifsul\lpoo\view\TelaCadAgencia$2.class
br\edu\ifsul\lpoo\view\TelaCadContas$3.class
br\edu\ifsul\lpoo\view\TelaCadFuncionario.class
br\edu\ifsul\lpoo\view\TelaFuncionariosJF$4.class
br\edu\ifsul\lpoo\view\VerFuncionariosJF$6.class
br\edu\ifsul\lpoo\view\TelaInicialJF$4.class
br\edu\ifsul\lpoo\view\VerAgencias$2.class
br\edu\ifsul\lpoo\view\CaixaEletronicoJF$1.class
br\edu\ifsul\lpoo\model\Funcionarios_.class
br\edu\ifsul\lpoo\view\VerClientesJF$4.class
br\edu\ifsul\lpoo\view\TelaLoginCliente$1.class
br\edu\ifsul\lpoo\view\TelaCadAgencia$6.class
br\edu\ifsul\lpoo\view\TelaInicialJF$1.class
br\edu\ifsul\lpoo\view\VerAgencias.class
br\edu\ifsul\lpoo\view\TelaCadAgencia$12.class
br\edu\ifsul\lpoo\view\VerContas$1.class
br\edu\ifsul\lpoo\view\CaixaEletronicoJF.class
br\edu\ifsul\lpoo\view\VerContas$4.class
br\edu\ifsul\lpoo\view\TelaFuncionariosJF.class
br\edu\ifsul\lpoo\view\VerClientesJF$1.class
br\edu\ifsul\lpoo\view\VerFuncionariosJF$5.class
br\edu\ifsul\lpoo\view\TelaCadAgencia$8.class
br\edu\ifsul\lpoo\view\TelaCadCliente.class
br\edu\ifsul\lpoo\view\TelaCadFuncionario$4.class
br\edu\ifsul\lpoo\view\TelaFuncionariosJF$3.class
br\edu\ifsul\lpoo\control\PersistenciaJPA.class
br\edu\ifsul\lpoo\view\TelaInicialJF$3.class
br\edu\ifsul\lpoo\view\TelaCadContas$2.class
br\edu\ifsul\lpoo\view\VerAgencias$1.class
br\edu\ifsul\lpoo\model\Pessoas_.class
br\edu\ifsul\lpoo\view\TelaCadFuncionario$1.class
br\edu\ifsul\lpoo\model\Funcionarios.class
br\edu\ifsul\lpoo\view\TelaCadContas$6.class
br\edu\ifsul\lpoo\view\VerFuncionariosJF$2.class
br\edu\ifsul\lpoo\view\VerFuncionariosJF.class
br\edu\ifsul\lpoo\view\TelaCadAgencia$5.class
br\edu\ifsul\lpoo\view\TelaCadCliente$1.class
br\edu\ifsul\lpoo\view\VerContas$3.class
br\edu\ifsul\lpoo\view\VerContas$2.class
br\edu\ifsul\lpoo\view\CaixaEletronicoJF$2.class
br\edu\ifsul\lpoo\projetoab\ProjetoAB_LPOO_2025_1.class
br\edu\ifsul\lpoo\view\TelaCadContas$5.class
br\edu\ifsul\lpoo\model\Contas.class
br\edu\ifsul\lpoo\model\Contas_.class
br\edu\ifsul\lpoo\view\TelaFuncionariosJF$6.class
br\edu\ifsul\lpoo\view\TelaLoginCliente.class
br\edu\ifsul\lpoo\view\TelaCadContas.class
br\edu\ifsul\lpoo\view\TelaFuncionariosJF$2.class
br\edu\ifsul\lpoo\model\Clientes.class
br\edu\ifsul\lpoo\view\TelaCadAgencia$10.class
br\edu\ifsul\lpoo\view\TelaCadAgencia$4.class
br\edu\ifsul\lpoo\view\TelaCadAgencia$7.class
br\edu\ifsul\lpoo\model\Tipo_Contas.class
br\edu\ifsul\lpoo\view\TelaLoginCliente$2.class
br\edu\ifsul\lpoo\view\VerClientesJF$3.class
br\edu\ifsul\lpoo\view\TelaCadContas$7.class
br\edu\ifsul\lpoo\view\TelaCadContas$1.class
br\edu\ifsul\lpoo\view\TelaFuncionariosJF$5.class
br\edu\ifsul\lpoo\control\InterfaceBD.class
br\edu\ifsul\lpoo\model\Agencias_.class
br\edu\ifsul\lpoo\view\VerFuncionariosJF$1.class
br\edu\ifsul\lpoo\model\Agencias.class
br\edu\ifsul\lpoo\view\TelaCadCliente$2.class
br\edu\ifsul\lpoo\view\VerFuncionariosJF$4.class
br\edu\ifsul\lpoo\view\TelaCadAgencia$1.class
br\edu\ifsul\lpoo\view\TelaCadContas$4.class
br\edu\ifsul\lpoo\view\VerClientesJF.class
br\edu\ifsul\lpoo\view\CaixaEletronicoJF$3.class
br\edu\ifsul\lpoo\view\TelaCadFuncionario$3.class
br\edu\ifsul\lpoo\view\VerAgencias$4.class
