E:\NetBeansProjects\ProjetoLPOOE1_GabrielAnaelStrotkamp\ProjetoLPOOE1_GabrielAnaelStrotkamp\ProjetoAB_LPOO_2025_1\src\main\java\br\edu\ifsul\lpoo\control\InterfaceBD.java
E:\NetBeansProjects\ProjetoLPOOE1_GabrielAnaelStrotkamp\ProjetoLPOOE1_GabrielAnaelStrotkamp\ProjetoAB_LPOO_2025_1\src\main\java\br\edu\ifsul\lpoo\control\PersistenciaJPA.java
E:\NetBeansProjects\ProjetoLPOOE1_GabrielAnaelStrotkamp\ProjetoLPOOE1_GabrielAnaelStrotkamp\ProjetoAB_LPOO_2025_1\src\main\java\br\edu\ifsul\lpoo\model\Agencias.java
E:\NetBeansProjects\ProjetoLPOOE1_GabrielAnaelStrotkamp\ProjetoLPOOE1_GabrielAnaelStrotkamp\ProjetoAB_LPOO_2025_1\src\main\java\br\edu\ifsul\lpoo\model\Clientes.java
E:\NetBeansProjects\ProjetoLPOOE1_GabrielAnaelStrotkamp\ProjetoLPOOE1_GabrielAnaelStrotkamp\ProjetoAB_LPOO_2025_1\src\main\java\br\edu\ifsul\lpoo\model\Contas.java
E:\NetBeansProjects\ProjetoLPOOE1_GabrielAnaelStrotkamp\ProjetoLPOOE1_GabrielAnaelStrotkamp\ProjetoAB_LPOO_2025_1\src\main\java\br\edu\ifsul\lpoo\model\Funcionarios.java
E:\NetBeansProjects\ProjetoLPOOE1_GabrielAnaelStrotkamp\ProjetoLPOOE1_GabrielAnaelStrotkamp\ProjetoAB_LPOO_2025_1\src\main\java\br\edu\ifsul\lpoo\model\Pessoas.java
E:\NetBeansProjects\ProjetoLPOOE1_GabrielAnaelStrotkamp\ProjetoLPOOE1_GabrielAnaelStrotkamp\ProjetoAB_LPOO_2025_1\src\main\java\br\edu\ifsul\lpoo\model\Tipo_Contas.java
E:\NetBeansProjects\ProjetoLPOOE1_GabrielAnaelStrotkamp\ProjetoLPOOE1_GabrielAnaelStrotkamp\ProjetoAB_LPOO_2025_1\src\main\java\br\edu\ifsul\lpoo\model\Tipo_Funcionarios.java
E:\NetBeansProjects\ProjetoLPOOE1_GabrielAnaelStrotkamp\ProjetoLPOOE1_GabrielAnaelStrotkamp\ProjetoAB_LPOO_2025_1\src\main\java\br\edu\ifsul\lpoo\projetoab\ProjetoAB_LPOO_2025_1.java
E:\NetBeansProjects\ProjetoLPOOE1_GabrielAnaelStrotkamp\ProjetoLPOOE1_GabrielAnaelStrotkamp\ProjetoAB_LPOO_2025_1\src\main\java\br\edu\ifsul\lpoo\view\CaixaEletronicoJF.java
E:\NetBeansProjects\ProjetoLPOOE1_GabrielAnaelStrotkamp\ProjetoLPOOE1_GabrielAnaelStrotkamp\ProjetoAB_LPOO_2025_1\src\main\java\br\edu\ifsul\lpoo\view\TelaCadAgencia.java
E:\NetBeansProjects\ProjetoLPOOE1_GabrielAnaelStrotkamp\ProjetoLPOOE1_GabrielAnaelStrotkamp\ProjetoAB_LPOO_2025_1\src\main\java\br\edu\ifsul\lpoo\view\TelaCadCliente.java
E:\NetBeansProjects\ProjetoLPOOE1_GabrielAnaelStrotkamp\ProjetoLPOOE1_GabrielAnaelStrotkamp\ProjetoAB_LPOO_2025_1\src\main\java\br\edu\ifsul\lpoo\view\TelaCadContas.java
E:\NetBeansProjects\ProjetoLPOOE1_GabrielAnaelStrotkamp\ProjetoLPOOE1_GabrielAnaelStrotkamp\ProjetoAB_LPOO_2025_1\src\main\java\br\edu\ifsul\lpoo\view\TelaCadFuncionario.java
E:\NetBeansProjects\ProjetoLPOOE1_GabrielAnaelStrotkamp\ProjetoLPOOE1_GabrielAnaelStrotkamp\ProjetoAB_LPOO_2025_1\src\main\java\br\edu\ifsul\lpoo\view\TelaFuncionariosJF.java
E:\NetBeansProjects\ProjetoLPOOE1_GabrielAnaelStrotkamp\ProjetoLPOOE1_GabrielAnaelStrotkamp\ProjetoAB_LPOO_2025_1\src\main\java\br\edu\ifsul\lpoo\view\TelaInicialJF.java
E:\NetBeansProjects\ProjetoLPOOE1_GabrielAnaelStrotkamp\ProjetoLPOOE1_GabrielAnaelStrotkamp\ProjetoAB_LPOO_2025_1\src\main\java\br\edu\ifsul\lpoo\view\TelaLoginCliente.java
E:\NetBeansProjects\ProjetoLPOOE1_GabrielAnaelStrotkamp\ProjetoLPOOE1_GabrielAnaelStrotkamp\ProjetoAB_LPOO_2025_1\src\main\java\br\edu\ifsul\lpoo\view\VerAgencias.java
E:\NetBeansProjects\ProjetoLPOOE1_GabrielAnaelStrotkamp\ProjetoLPOOE1_GabrielAnaelStrotkamp\ProjetoAB_LPOO_2025_1\src\main\java\br\edu\ifsul\lpoo\view\VerClientesJF.java
E:\NetBeansProjects\ProjetoLPOOE1_GabrielAnaelStrotkamp\ProjetoLPOOE1_GabrielAnaelStrotkamp\ProjetoAB_LPOO_2025_1\src\main\java\br\edu\ifsul\lpoo\view\VerContas.java
E:\NetBeansProjects\ProjetoLPOOE1_GabrielAnaelStrotkamp\ProjetoLPOOE1_GabrielAnaelStrotkamp\ProjetoAB_LPOO_2025_1\src\main\java\br\edu\ifsul\lpoo\view\VerFuncionariosJF.java
